// Jest Snapshot v1, https://goo.gl/fbAQLP

exports[`testing snapshot render correctly 1`] = `
<div>
  <div />
</div>
`;
